// Jest Snapshot v1, https://goo.gl/fbAQLP

exports[`Pruebas en GifGridItem mostramos el coponente 1`] = `ShallowWrapper {}`;
